Acquiring state lock. This may take a few moments...

Terraform used the selected providers to generate the following execution
plan. Resource actions are indicated with the following symbols:
  + create

Terraform will perform the following actions:

  # google_bigquery_dataset.gbq_dataset will be created
  + resource "google_bigquery_dataset" "gbq_dataset" {
      + creation_time              = (known after apply)
      + dataset_id                 = "devdataops_hw_dataset"
      + default_collation          = (known after apply)
      + delete_contents_on_destroy = true
      + effective_labels           = {
          + "goog-terraform-provisioned" = "true"
        }
      + etag                       = (known after apply)
      + id                         = (known after apply)
      + is_case_insensitive        = (known after apply)
      + last_modified_time         = (known after apply)
      + location                   = "us-central1"
      + max_time_travel_hours      = (known after apply)
      + project                    = "devdataops-hw"
      + self_link                  = (known after apply)
      + storage_billing_model      = (known after apply)
      + terraform_labels           = {
          + "goog-terraform-provisioned" = "true"
        }

      + access (known after apply)
    }

  # google_compute_instance.vm will be created
  + resource "google_compute_instance" "vm" {
      + can_ip_forward       = false
      + cpu_platform         = (known after apply)
      + current_status       = (known after apply)
      + deletion_protection  = false
      + effective_labels     = {
          + "goog-terraform-provisioned" = "true"
        }
      + id                   = (known after apply)
      + instance_id          = (known after apply)
      + label_fingerprint    = (known after apply)
      + machine_type         = "e2-micro"
      + metadata_fingerprint = (known after apply)
      + min_cpu_platform     = (known after apply)
      + name                 = "devdataops-hw-vm"
      + project              = "devdataops-hw"
      + self_link            = (known after apply)
      + tags_fingerprint     = (known after apply)
      + terraform_labels     = {
          + "goog-terraform-provisioned" = "true"
        }
      + zone                 = "us-central1-c"

      + boot_disk {
          + auto_delete                = true
          + device_name                = (known after apply)
          + disk_encryption_key_sha256 = (known after apply)
          + kms_key_self_link          = (known after apply)
          + mode                       = "READ_WRITE"
          + source                     = (known after apply)

          + initialize_params {
              + image                  = "debian-cloud/debian-12"
              + labels                 = (known after apply)
              + provisioned_iops       = (known after apply)
              + provisioned_throughput = (known after apply)
              + resource_policies      = (known after apply)
              + size                   = (known after apply)
              + type                   = (known after apply)
            }
        }

      + confidential_instance_config (known after apply)

      + guest_accelerator (known after apply)

      + network_interface {
          + internal_ipv6_prefix_length = (known after apply)
          + ipv6_access_type            = (known after apply)
          + ipv6_address                = (known after apply)
          + name                        = (known after apply)
          + network                     = "default"
          + network_ip                  = (known after apply)
          + stack_type                  = (known after apply)
          + subnetwork                  = (known after apply)
          + subnetwork_project          = (known after apply)

          + access_config {
              + nat_ip       = (known after apply)
              + network_tier = (known after apply)
            }
        }

      + reservation_affinity (known after apply)

      + scheduling (known after apply)
    }

  # google_storage_bucket.gcs_bucket will be created
  + resource "google_storage_bucket" "gcs_bucket" {
      + effective_labels            = {
          + "goog-terraform-provisioned" = "true"
        }
      + force_destroy               = true
      + id                          = (known after apply)
      + location                    = "US-CENTRAL1"
      + name                        = "devdataops-hw-bucket"
      + project                     = (known after apply)
      + project_number              = (known after apply)
      + public_access_prevention    = (known after apply)
      + rpo                         = (known after apply)
      + self_link                   = (known after apply)
      + storage_class               = "STANDARD"
      + terraform_labels            = {
          + "goog-terraform-provisioned" = "true"
        }
      + uniform_bucket_level_access = true
      + url                         = (known after apply)

      + soft_delete_policy (known after apply)

      + versioning (known after apply)

      + website (known after apply)
    }

Plan: 3 to add, 0 to change, 0 to destroy.

Changes to Outputs:
  + bigquery_dataset_id = (known after apply)
  + gcs_bucket_name     = "devdataops-hw-bucket"
  + gcs_bucket_url      = (known after apply)
  + vm_external_ip      = (known after apply)
  + vm_internal_ip      = (known after apply)
  + vm_name             = "devdataops-hw-vm"
google_bigquery_dataset.gbq_dataset: Creating...
google_storage_bucket.gcs_bucket: Creating...
google_compute_instance.vm: Creating...
google_bigquery_dataset.gbq_dataset: Creation complete after 2s [id=projects/devdataops-hw/datasets/devdataops_hw_dataset]
google_storage_bucket.gcs_bucket: Creation complete after 3s [id=devdataops-hw-bucket]
google_compute_instance.vm: Still creating... [00m10s elapsed]
google_compute_instance.vm: Still creating... [00m20s elapsed]
google_compute_instance.vm: Creation complete after 27s [id=projects/devdataops-hw/zones/us-central1-c/instances/devdataops-hw-vm]

Apply complete! Resources: 3 added, 0 changed, 0 destroyed.

Outputs:

bigquery_dataset_id = "projects/devdataops-hw/datasets/devdataops_hw_dataset"
gcs_bucket_name = "devdataops-hw-bucket"
gcs_bucket_url = "gs://devdataops-hw-bucket"
vm_external_ip = "35.238.48.109"
vm_internal_ip = "10.128.0.5"
vm_name = "devdataops-hw-vm"
