google_bigquery_dataset.gbq_dataset: Refreshing state... [id=projects/devdataops-hw/datasets/devdataops_hw_dataset]
google_storage_bucket.gcs_bucket: Refreshing state... [id=devdataops-hw-bucket]
google_compute_instance.vm: Refreshing state... [id=projects/devdataops-hw/zones/us-central1-c/instances/devdataops-hw-vm]

Terraform used the selected providers to generate the following execution
plan. Resource actions are indicated with the following symbols:
  - destroy

Terraform will perform the following actions:

  # google_bigquery_dataset.gbq_dataset will be destroyed
  - resource "google_bigquery_dataset" "gbq_dataset" {
      - creation_time                   = 1790175341033 -> null
      - dataset_id                      = "devdataops_hw_dataset" -> null
      - default_partition_expiration_ms = 0 -> null
      - default_table_expiration_ms     = 0 -> null
      - delete_contents_on_destroy      = true -> null
      - effective_labels                = {
          - "goog-terraform-provisioned" = "true"
        } -> null
      - etag                            = "HoSxcKewXWKTOyFy7B7/Tg==" -> null
      - id                              = "projects/devdataops-hw/datasets/devdataops_hw_dataset" -> null
      - is_case_insensitive             = false -> null
      - labels                          = {} -> null
      - last_modified_time              = 1790175341033 -> null
      - location                        = "us-central1" -> null
      - max_time_travel_hours           = "168" -> null
      - project                         = "devdataops-hw" -> null
      - resource_tags                   = {} -> null
      - self_link                       = "https://bigquery.googleapis.com/bigquery/v2/projects/devdataops-hw/datasets/devdataops_hw_dataset" -> null
      - terraform_labels                = {
          - "goog-terraform-provisioned" = "true"
        } -> null
        # (4 unchanged attributes hidden)

      - access {
          - role           = "OWNER" -> null
          - user_by_email  = "sophmintaii@gmail.com" -> null
            # (4 unchanged attributes hidden)
        }
      - access {
          - role           = "OWNER" -> null
          - special_group  = "projectOwners" -> null
            # (4 unchanged attributes hidden)
        }
      - access {
          - role           = "READER" -> null
          - special_group  = "projectReaders" -> null
            # (4 unchanged attributes hidden)
        }
      - access {
          - role           = "WRITER" -> null
          - special_group  = "projectWriters" -> null
            # (4 unchanged attributes hidden)
        }
    }

  # google_compute_instance.vm will be destroyed
  - resource "google_compute_instance" "vm" {
      - can_ip_forward       = false -> null
      - cpu_platform         = "Intel Broadwell" -> null
      - current_status       = "RUNNING" -> null
      - deletion_protection  = false -> null
      - effective_labels     = {
          - "goog-terraform-provisioned" = "true"
        } -> null
      - enable_display       = false -> null
      - id                   = "projects/devdataops-hw/zones/us-central1-c/instances/devdataops-hw-vm" -> null
      - instance_id          = "8103368324267529856" -> null
      - label_fingerprint    = "vezUS-42LLM=" -> null
      - labels               = {} -> null
      - machine_type         = "e2-micro" -> null
      - metadata             = {} -> null
      - metadata_fingerprint = "OHAxelcN6MQ=" -> null
      - name                 = "devdataops-hw-vm" -> null
      - project              = "devdataops-hw" -> null
      - resource_policies    = [] -> null
      - self_link            = "https://www.googleapis.com/compute/v1/projects/devdataops-hw/zones/us-central1-c/instances/devdataops-hw-vm" -> null
      - tags                 = [] -> null
      - tags_fingerprint     = "42WmSpB8rSM=" -> null
      - terraform_labels     = {
          - "goog-terraform-provisioned" = "true"
        } -> null
      - zone                 = "us-central1-c" -> null
        # (3 unchanged attributes hidden)

      - boot_disk {
          - auto_delete                = true -> null
          - device_name                = "persistent-disk-0" -> null
          - mode                       = "READ_WRITE" -> null
          - source                     = "https://www.googleapis.com/compute/v1/projects/devdataops-hw/zones/us-central1-c/disks/devdataops-hw-vm" -> null
            # (4 unchanged attributes hidden)

          - initialize_params {
              - enable_confidential_compute = false -> null
              - image                       = "https://www.googleapis.com/compute/v1/projects/debian-cloud/global/images/debian-12-bookworm-v20260921" -> null
              - labels                      = {} -> null
              - provisioned_iops            = 0 -> null
              - provisioned_throughput      = 0 -> null
              - resource_manager_tags       = {} -> null
              - resource_policies           = [] -> null
              - size                        = 10 -> null
              - type                        = "pd-standard" -> null
                # (1 unchanged attribute hidden)
            }
        }

      - network_interface {
          - internal_ipv6_prefix_length = 0 -> null
          - name                        = "nic0" -> null
          - network                     = "https://www.googleapis.com/compute/v1/projects/devdataops-hw/global/networks/default" -> null
          - network_ip                  = "10.128.0.5" -> null
          - queue_count                 = 0 -> null
          - stack_type                  = "IPV4_ONLY" -> null
          - subnetwork                  = "https://www.googleapis.com/compute/v1/projects/devdataops-hw/regions/us-central1/subnetworks/default" -> null
          - subnetwork_project          = "devdataops-hw" -> null
            # (3 unchanged attributes hidden)

          - access_config {
              - nat_ip                 = "35.238.48.109" -> null
              - network_tier           = "PREMIUM" -> null
                # (1 unchanged attribute hidden)
            }
        }

      - scheduling {
          - automatic_restart           = true -> null
          - min_node_cpus               = 0 -> null
          - on_host_maintenance         = "MIGRATE" -> null
          - preemptible                 = false -> null
          - provisioning_model          = "STANDARD" -> null
            # (1 unchanged attribute hidden)
        }

      - shielded_instance_config {
          - enable_integrity_monitoring = true -> null
          - enable_secure_boot          = false -> null
          - enable_vtpm                 = true -> null
        }
    }

  # google_storage_bucket.gcs_bucket will be destroyed
  - resource "google_storage_bucket" "gcs_bucket" {
      - default_event_based_hold    = false -> null
      - effective_labels            = {
          - "goog-terraform-provisioned" = "true"
        } -> null
      - enable_object_retention     = false -> null
      - force_destroy               = true -> null
      - id                          = "devdataops-hw-bucket" -> null
      - labels                      = {} -> null
      - location                    = "US-CENTRAL1" -> null
      - name                        = "devdataops-hw-bucket" -> null
      - project                     = "devdataops-hw" -> null
      - project_number              = 614180882579 -> null
      - public_access_prevention    = "inherited" -> null
      - requester_pays              = false -> null
      - self_link                   = "https://www.googleapis.com/storage/v1/b/devdataops-hw-bucket" -> null
      - storage_class               = "STANDARD" -> null
      - terraform_labels            = {
          - "goog-terraform-provisioned" = "true"
        } -> null
      - uniform_bucket_level_access = true -> null
      - url                         = "gs://devdataops-hw-bucket" -> null

      - soft_delete_policy {
          - effective_time             = "2026-09-23T14:55:41.676Z" -> null
          - retention_duration_seconds = 604800 -> null
        }
    }

Plan: 0 to add, 0 to change, 3 to destroy.

Changes to Outputs:
  - bigquery_dataset_id = "projects/devdataops-hw/datasets/devdataops_hw_dataset" -> null
  - gcs_bucket_name     = "devdataops-hw-bucket" -> null
  - gcs_bucket_url      = "gs://devdataops-hw-bucket" -> null
  - vm_external_ip      = "35.238.48.109" -> null
  - vm_internal_ip      = "10.128.0.5" -> null
  - vm_name             = "devdataops-hw-vm" -> null
google_storage_bucket.gcs_bucket: Destroying... [id=devdataops-hw-bucket]
google_compute_instance.vm: Destroying... [id=projects/devdataops-hw/zones/us-central1-c/instances/devdataops-hw-vm]
google_bigquery_dataset.gbq_dataset: Destroying... [id=projects/devdataops-hw/datasets/devdataops_hw_dataset]
google_bigquery_dataset.gbq_dataset: Destruction complete after 1s
google_storage_bucket.gcs_bucket: Destruction complete after 1s
google_compute_instance.vm: Still destroying... [id=projects/devdataops-hw/zones/us-central1-c/instances/devdataops-hw-vm, 00m10s elapsed]
google_compute_instance.vm: Still destroying... [id=projects/devdataops-hw/zones/us-central1-c/instances/devdataops-hw-vm, 00m20s elapsed]
google_compute_instance.vm: Still destroying... [id=projects/devdataops-hw/zones/us-central1-c/instances/devdataops-hw-vm, 00m30s elapsed]
google_compute_instance.vm: Destruction complete after 34s

Destroy complete! Resources: 3 destroyed.
